       BASE_COUNT: 216
   BIO_BASE_COUNT: 216
   CMP_BASE_COUNT: 216
CMP_LINKAGE_GROUP: 
     COLOR_MATRIX: 0, 1, 2, 3, 4, 1, 0, 3, 2, 4, 2, 3, 0, 1, 4, 3, 2, 1, 0, 4, 4, 4, 4, 4, 4
           CSREAD: 131033233331013023032230132132312301331032212003012030012223002013323212
           CS_KEY: TT
        CS_NATIVE: false
   FIXED_SPOT_LEN: 72
    LINKAGE_GROUP: 
      MAX_SPOT_ID: 3
      MIN_SPOT_ID: 1
             NAME: ID57_120908_30E4FAAXX:3:1:1772:953
         PLATFORM: SRA_PLATFORM_UNDEFINED
          QUALITY: 30, 30, 30, 30, 30, 30, 30, 30, 30, 30, 30, 30, 30, 30, 30, 30, 30, 30, 30, 30, 30, 30, 30, 30, 30, 30, 30, 30, 30, 30, 30, 30, 30, 30, 30, 30, 30, 30, 30, 30, 30, 30, 30, 30, 30, 30, 30, 30, 30, 30, 30, 30, 30, 30, 30, 30, 30, 30, 30, 30, 30, 30, 30, 30, 30, 30, 30, 30, 30, 30, 30, 30
         RAW_NAME: ID57_120908_30E4FAAXX:3:1:1772:953
        RD_FILTER: SRA_READ_FILTER_PASS, SRA_READ_FILTER_PASS
             READ: GCAATAGCGCGTTGCCTAATCTAACGACGATGATTGATGGCTCAGGGCCAGGCCCAGAGCCCTTGCGATCAG
      READ_FILTER: SRA_READ_FILTER_PASS, SRA_READ_FILTER_PASS
         READ_LEN: 36, 36
         READ_SEG: [0, 36], [36, 36]
       READ_START: 0, 36
        READ_TYPE: SRA_READ_TYPE_BIOLOGICAL, SRA_READ_TYPE_BIOLOGICAL
       SIGNAL_LEN: 0
       SPOT_COUNT: 3
      SPOT_FILTER: 0
       SPOT_GROUP: 
          SPOT_ID: 1
         SPOT_LEN: 72
         TRIM_LEN: 72
       TRIM_START: 0

       BASE_COUNT: 216
   BIO_BASE_COUNT: 216
   CMP_BASE_COUNT: 216
CMP_LINKAGE_GROUP: 
     COLOR_MATRIX: 0, 1, 2, 3, 4, 1, 0, 3, 2, 4, 2, 3, 0, 1, 4, 3, 2, 1, 0, 4, 4, 4, 4, 4, 4
           CSREAD: 110003323031230312213200233330230230030231233302133312123321320321233203
           CS_KEY: TT
        CS_NATIVE: false
   FIXED_SPOT_LEN: 72
    LINKAGE_GROUP: 
      MAX_SPOT_ID: 3
      MIN_SPOT_ID: 1
             NAME: ID57_120908_30E4FAAXX:3:1:1590:999
         PLATFORM: SRA_PLATFORM_UNDEFINED
          QUALITY: 30, 30, 30, 30, 30, 30, 30, 30, 30, 30, 30, 30, 30, 30, 30, 30, 30, 30, 30, 30, 30, 30, 30, 30, 30, 30, 30, 30, 30, 30, 30, 30, 30, 30, 30, 30, 30, 30, 30, 30, 30, 30, 30, 30, 30, 30, 30, 30, 30, 30, 30, 30, 30, 30, 30, 30, 30, 30, 30, 30, 30, 30, 30, 30, 30, 30, 30, 30, 30, 30, 30, 30
         RAW_NAME: ID57_120908_30E4FAAXX:3:1:1590:999
        RD_FILTER: SRA_READ_FILTER_PASS, SRA_READ_FILTER_PASS
             READ: GTTTTATCGGCAGCCGTCTGCTTTCGCGCCTAAGCCTAAGCAGCGCCTGCGCAGTCGCTGCTTAGTCGCTTA
      READ_FILTER: SRA_READ_FILTER_PASS, SRA_READ_FILTER_PASS
         READ_LEN: 36, 36
         READ_SEG: [0, 36], [36, 36]
       READ_START: 0, 36
        READ_TYPE: SRA_READ_TYPE_BIOLOGICAL, SRA_READ_TYPE_BIOLOGICAL
       SIGNAL_LEN: 0
       SPOT_COUNT: 3
      SPOT_FILTER: 0
       SPOT_GROUP: 
          SPOT_ID: 2
         SPOT_LEN: 72
         TRIM_LEN: 72
       TRIM_START: 0

       BASE_COUNT: 216
   BIO_BASE_COUNT: 216
   CMP_BASE_COUNT: 216
CMP_LINKAGE_GROUP: 
     COLOR_MATRIX: 0, 1, 2, 3, 4, 1, 0, 3, 2, 4, 2, 3, 0, 1, 4, 3, 2, 1, 0, 4, 4, 4, 4, 4, 4
           CSREAD: 122312131322312131021100002130102223101233212132311133020101010332200312
           CS_KEY: TT
        CS_NATIVE: false
   FIXED_SPOT_LEN: 72
    LINKAGE_GROUP: 
      MAX_SPOT_ID: 3
      MIN_SPOT_ID: 1
             NAME: ID57_120908_30E4FAAXX:3:1:1701:982
         PLATFORM: SRA_PLATFORM_UNDEFINED
          QUALITY: 30, 30, 30, 30, 30, 30, 30, 30, 30, 30, 30, 30, 30, 30, 30, 30, 30, 30, 30, 30, 30, 30, 30, 30, 30, 30, 30, 30, 30, 30, 30, 30, 30, 30, 30, 30, 30, 30, 30, 30, 30, 30, 30, 30, 30, 30, 30, 30, 30, 30, 30, 30, 30, 30, 30, 30, 30, 30, 30, 30, 30, 30, 30, 30, 30, 30, 30, 30, 30, 30, 30, 30
         RAW_NAME: ID57_120908_30E4FAAXX:3:1:1701:982
        RD_FILTER: SRA_READ_FILTER_PASS, SRA_READ_FILTER_PASS
             READ: GAGCAGTACGAGCAGTACCTGTTTTTCATTGGAGATGGTCGCTGACGATGTGCGGAACCAACCGCTCCCGTC
      READ_FILTER: SRA_READ_FILTER_PASS, SRA_READ_FILTER_PASS
         READ_LEN: 36, 36
         READ_SEG: [0, 36], [36, 36]
       READ_START: 0, 36
        READ_TYPE: SRA_READ_TYPE_BIOLOGICAL, SRA_READ_TYPE_BIOLOGICAL
       SIGNAL_LEN: 0
       SPOT_COUNT: 3
      SPOT_FILTER: 0
       SPOT_GROUP: 
          SPOT_ID: 3
         SPOT_LEN: 72
         TRIM_LEN: 72
       TRIM_START: 0

