       BASE_COUNT: 202
   BIO_BASE_COUNT: 202
   CMP_BASE_COUNT: 202
CMP_LINKAGE_GROUP: 
     COLOR_MATRIX: 0, 1, 2, 3, 4, 1, 0, 3, 2, 4, 2, 3, 0, 1, 4, 3, 2, 1, 0, 4, 4, 4, 4, 4, 4
           CSREAD: 0300232002130023102002201303012112133111010333330332133032020333303000312301230003311300303300333003003002320021300231020022013030121121331110103333303321330320203333030003123012300033113003033003330030
           CS_KEY: TT
        CS_NATIVE: false
   FIXED_SPOT_LEN: 202
    LINKAGE_GROUP: 
      MAX_SPOT_ID: 1
      MIN_SPOT_ID: 1
             NAME: SRR493912.15083
         PLATFORM: SRA_PLATFORM_UNDEFINED
          QUALITY: 30, 30, 30, 30, 30, 30, 30, 30, 30, 30, 30, 30, 30, 30, 30, 30, 30, 30, 30, 30, 30, 30, 30, 30, 30, 30, 30, 30, 30, 30, 30, 30, 30, 30, 30, 30, 30, 30, 30, 30, 30, 30, 30, 30, 30, 30, 30, 30, 30, 30, 30, 30, 30, 30, 30, 30, 30, 30, 30, 30, 30, 30, 30, 30, 30, 30, 30, 30, 30, 30, 30, 30, 30, 30, 30, 30, 30, 30, 30, 30, 30, 30, 30, 30, 30, 30, 30, 30, 30, 30, 30, 30, 30, 30, 30, 30, 30, 30, 30, 30, 30, 30, 30, 30, 30, 30, 30, 30, 30, 30, 30, 30, 30, 30, 30, 30, 30, 30, 30, 30, 30, 30, 30, 30, 30, 30, 30, 30, 30, 30, 30, 30, 30, 30, 30, 30, 30, 30, 30, 30, 30, 30, 30, 30, 30, 30, 30, 30, 30, 30, 30, 30, 30, 30, 30, 30, 30, 30, 30, 30, 30, 30, 30, 30, 30, 30, 30, 30, 30, 30, 30, 30, 30, 30, 30, 30, 30, 30, 30, 30, 30, 30, 30, 30, 30, 30, 30, 30, 30, 30, 30, 30, 30, 30, 30, 30, 30, 30, 30, 30, 30, 30
         RAW_NAME: SRR493912.15083
        RD_FILTER: SRA_READ_FILTER_PASS, SRA_READ_FILTER_PASS
             READ: TAAAGCTTTCATTTCGTTCCCTCCATTAACTGTCATACACCAATATATTATCATAATCCTTATATTAAAATGATTGATTTTATGTAAATTATTTATAAATTTAAAGCTTTCATTTCGTTCCCTCCATTAACTGTCATACACCAATATATTATCATAATCCTTATATTAAAATGATTGATTTTATGTAAATTATTTATAAATT
      READ_FILTER: SRA_READ_FILTER_PASS, SRA_READ_FILTER_PASS
         READ_LEN: 101, 101
         READ_SEG: [0, 101], [101, 101]
       READ_START: 0, 101
        READ_TYPE: SRA_READ_TYPE_BIOLOGICAL, SRA_READ_TYPE_BIOLOGICAL
       SIGNAL_LEN: 0
       SPOT_COUNT: 1
      SPOT_FILTER: 0
       SPOT_GROUP: 
          SPOT_ID: 1
         SPOT_LEN: 202
         TRIM_LEN: 202
       TRIM_START: 0

