       BASE_COUNT: 42
   BIO_BASE_COUNT: 42
   CMP_BASE_COUNT: 42
CMP_LINKAGE_GROUP: 
     COLOR_MATRIX: 0, 1, 2, 3, 4, 1, 0, 3, 2, 4, 2, 3, 0, 1, 4, 3, 2, 1, 0, 4, 4, 4, 4, 4, 4
           CSREAD: 202311120113300010103202311120113300010103
           CS_KEY: TT
        CS_NATIVE: false
   FIXED_SPOT_LEN: 42
    LINKAGE_GROUP: 
      MAX_SPOT_ID: 1
      MIN_SPOT_ID: 1
             NAME: HWI-ST1234:33:D1019ACXX:2:1101:1415:2223
         PLATFORM: SRA_PLATFORM_UNDEFINED
          QUALITY: 30, 30, 30, 30, 30, 30, 30, 30, 30, 30, 30, 30, 30, 30, 30, 30, 30, 30, 30, 30, 30, 30, 30, 30, 30, 30, 30, 30, 30, 30, 30, 30, 30, 30, 30, 30, 30, 30, 30, 30, 30, 30
         RAW_NAME: HWI-ST1234:33:D1019ACXX:2:1101:1415:2223
        RD_FILTER: SRA_READ_FILTER_PASS, SRA_READ_FILTER_PASS
             READ: CCTACACTTGTATTTTGGTTACCTACACTTGTATTTTGGTTA
      READ_FILTER: SRA_READ_FILTER_PASS, SRA_READ_FILTER_PASS
         READ_LEN: 21, 21
         READ_SEG: [0, 21], [21, 21]
       READ_START: 0, 21
        READ_TYPE: SRA_READ_TYPE_BIOLOGICAL, SRA_READ_TYPE_BIOLOGICAL
       SIGNAL_LEN: 0
       SPOT_COUNT: 1
      SPOT_FILTER: 0
       SPOT_GROUP: ATCACG
          SPOT_ID: 1
         SPOT_LEN: 42
         TRIM_LEN: 42
       TRIM_START: 0

