       BASE_COUNT: 798
   BIO_BASE_COUNT: 798
   CMP_BASE_COUNT: 798
CMP_LINKAGE_GROUP: 
     COLOR_MATRIX: 0, 1, 2, 3, 4, 1, 0, 3, 2, 4, 2, 3, 0, 1, 4, 3, 2, 1, 0, 4, 4, 4, 4, 4, 4
           CSREAD: 02123011032113003322110220022200103231333121221313323333221121030210103010021013001013213022003000313012103130101022120231301120133013301021030022010303311212103020322101303323213222201312030133023222030132201031220213011122033133303021323002311003110321203331102202000203
           CS_KEY: T
        CS_NATIVE: false
   FIXED_SPOT_LEN: 0
    LINKAGE_GROUP: 
      MAX_SPOT_ID: 3
      MIN_SPOT_ID: 1
             NAME: SRR000123.10
         PLATFORM: SRA_PLATFORM_UNDEFINED
          QUALITY: 30, 30, 30, 30, 30, 30, 30, 30, 30, 30, 30, 30, 30, 30, 30, 30, 30, 30, 30, 30, 30, 30, 30, 30, 30, 30, 30, 30, 30, 30, 30, 30, 30, 30, 30, 30, 30, 30, 30, 30, 30, 30, 30, 30, 30, 30, 30, 30, 30, 30, 30, 30, 30, 30, 30, 30, 30, 30, 30, 30, 30, 30, 30, 30, 30, 30, 30, 30, 30, 30, 30, 30, 30, 30, 30, 30, 30, 30, 30, 30, 30, 30, 30, 30, 30, 30, 30, 30, 30, 30, 30, 30, 30, 30, 30, 30, 30, 30, 30, 30, 30, 30, 30, 30, 30, 30, 30, 30, 30, 30, 30, 30, 30, 30, 30, 30, 30, 30, 30, 30, 30, 30, 30, 30, 30, 30, 30, 30, 30, 30, 30, 30, 30, 30, 30, 30, 30, 30, 30, 30, 30, 30, 30, 30, 30, 30, 30, 30, 30, 30, 30, 30, 30, 30, 30, 30, 30, 30, 30, 30, 30, 30, 30, 30, 30, 30, 30, 30, 30, 30, 30, 30, 30, 30, 30, 30, 30, 30, 30, 30, 30, 30, 30, 30, 30, 30, 30, 30, 30, 30, 30, 30, 30, 30, 30, 30, 30, 30, 30, 30, 30, 30, 30, 30, 30, 30, 30, 30, 30, 30, 30, 30, 30, 30, 30, 30, 30, 30, 30, 30, 30, 30, 30, 30, 30, 30, 30, 30, 30, 30, 30, 30, 30, 30, 30, 30, 30, 30, 30, 30, 30, 30, 30, 30, 30, 30, 30, 30, 30, 30, 30, 30, 30, 30, 30, 30, 30, 30, 30, 30, 30, 30, 30, 30, 30, 30, 30, 30, 30, 30, 30, 30
         RAW_NAME: SRR000123.10
        RD_FILTER: SRA_READ_FILTER_PASS
             READ: TCAGCCACCGACATTTATCTGTTCTTTCTCCCAATCGTATACTGAGTACGCTATATCTGTCAATTCAACCGGTTTCAACGGGTTGCTGCCTCCCGGGGCATTGACCGTAACCAAGACTTCGTAACAGGTATTGCGGTTCAATTTCTTGGCCGCACTGACCGGAATCTGGTAATAGCTGCTCTCCATGAATTGCGGATCTCCGGTAGAACCGTCTTCATTGTGAGGCGTATAATTCATCGGGATGTTTACAATCAGGCGCACCTCCTTTTCCG
      READ_FILTER: SRA_READ_FILTER_PASS
         READ_LEN: 272
         READ_SEG: [0, 272]
       READ_START: 0
        READ_TYPE: SRA_READ_TYPE_BIOLOGICAL
       SIGNAL_LEN: 0
       SPOT_COUNT: 3
      SPOT_FILTER: 0
       SPOT_GROUP: 
          SPOT_ID: 1
         SPOT_LEN: 272
         TRIM_LEN: 272
       TRIM_START: 0

       BASE_COUNT: 798
   BIO_BASE_COUNT: 798
   CMP_BASE_COUNT: 798
CMP_LINKAGE_GROUP: 
     COLOR_MATRIX: 0, 1, 2, 3, 4, 1, 0, 3, 2, 4, 2, 3, 0, 1, 4, 3, 2, 1, 0, 4, 4, 4, 4, 4, 4
           CSREAD: 0212133120302031103223023130302333331100230101211112020102102023030100111020031210320003031033121131131213113211032000132301322100113002211313331220312000132031302330330022331330202022022002211001010221301221321323012311302113311332101033223110202203011220212312
           CS_KEY: T
        CS_NATIVE: false
   FIXED_SPOT_LEN: 0
    LINKAGE_GROUP: 
      MAX_SPOT_ID: 3
      MIN_SPOT_ID: 1
             NAME: SRR000123.11
         PLATFORM: SRA_PLATFORM_UNDEFINED
          QUALITY: 30, 30, 30, 30, 30, 30, 30, 30, 30, 30, 30, 30, 30, 30, 30, 30, 30, 30, 30, 30, 30, 30, 30, 30, 30, 30, 30, 30, 30, 30, 30, 30, 30, 30, 30, 30, 30, 30, 30, 30, 30, 30, 30, 30, 30, 30, 30, 30, 30, 30, 30, 30, 30, 30, 30, 30, 30, 30, 30, 30, 30, 30, 30, 30, 30, 30, 30, 30, 30, 30, 30, 30, 30, 30, 30, 30, 30, 30, 30, 30, 30, 30, 30, 30, 30, 30, 30, 30, 30, 30, 30, 30, 30, 30, 30, 30, 30, 30, 30, 30, 30, 30, 30, 30, 30, 30, 30, 30, 30, 30, 30, 30, 30, 30, 30, 30, 30, 30, 30, 30, 30, 30, 30, 30, 30, 30, 30, 30, 30, 30, 30, 30, 30, 30, 30, 30, 30, 30, 30, 30, 30, 30, 30, 30, 30, 30, 30, 30, 30, 30, 30, 30, 30, 30, 30, 30, 30, 30, 30, 30, 30, 30, 30, 30, 30, 30, 30, 30, 30, 30, 30, 30, 30, 30, 30, 30, 30, 30, 30, 30, 30, 30, 30, 30, 30, 30, 30, 30, 30, 30, 30, 30, 30, 30, 30, 30, 30, 30, 30, 30, 30, 30, 30, 30, 30, 30, 30, 30, 30, 30, 30, 30, 30, 30, 30, 30, 30, 30, 30, 30, 30, 30, 30, 30, 30, 30, 30, 30, 30, 30, 30, 30, 30, 30, 30, 30, 30, 30, 30, 30, 30, 30, 30, 30, 30, 30, 30, 30, 30, 30, 30, 30, 30, 30, 30, 30, 30, 30, 30, 30, 30, 30
         RAW_NAME: SRR000123.11
        RD_FILTER: SRA_READ_FILTER_PASS
             READ: TCAGTATGAATTCCGTGGCTCGGATGCCGGATATATGTTTCGGTTGACACAGGAACCTGGAAGCCGGTTTGTGGAAATGACCGAAAATTACCGCAGTGCACGTCATGTAGTGGCTTTTGCTAACGAGTTTGTAAAGACATGCGCAGAATGAAAACGAATGCCTATTATTTCTATGCGGAAGGAGGAGGGAGTGGGTTGGAGTAACTCATCATCGGTCGTGCCTGTATGTATCAACCGCTCGTGGAAGAATTGTCTTCAGCAG
      READ_FILTER: SRA_READ_FILTER_PASS
         READ_LEN: 262
         READ_SEG: [0, 262]
       READ_START: 0
        READ_TYPE: SRA_READ_TYPE_BIOLOGICAL
       SIGNAL_LEN: 0
       SPOT_COUNT: 3
      SPOT_FILTER: 0
       SPOT_GROUP: 
          SPOT_ID: 2
         SPOT_LEN: 262
         TRIM_LEN: 262
       TRIM_START: 0

       BASE_COUNT: 798
   BIO_BASE_COUNT: 798
   CMP_BASE_COUNT: 798
CMP_LINKAGE_GROUP: 
     COLOR_MATRIX: 0, 1, 2, 3, 4, 1, 0, 3, 2, 4, 2, 3, 0, 1, 4, 3, 2, 1, 0, 4, 4, 4, 4, 4, 4
           CSREAD: 021223230310323132313220212100222021223323122220130103132133332013121323122301300232301313201211100211212211223032322123003120303302023102030103111320011332210331020023130202021223113011030132013220123232330313100113321033223312011032123131023010313100003120312200
           CS_KEY: T
        CS_NATIVE: false
   FIXED_SPOT_LEN: 0
    LINKAGE_GROUP: 
      MAX_SPOT_ID: 3
      MIN_SPOT_ID: 1
             NAME: SRR000123.12
         PLATFORM: SRA_PLATFORM_UNDEFINED
          QUALITY: 30, 30, 30, 30, 30, 30, 30, 30, 30, 30, 30, 30, 30, 30, 30, 30, 30, 30, 30, 30, 30, 30, 30, 30, 30, 30, 30, 30, 30, 30, 30, 30, 30, 30, 30, 30, 30, 30, 30, 30, 30, 30, 30, 30, 30, 30, 30, 30, 30, 30, 30, 30, 30, 30, 30, 30, 30, 30, 30, 30, 30, 30, 30, 30, 30, 30, 30, 30, 30, 30, 30, 30, 30, 30, 30, 30, 30, 30, 30, 30, 30, 30, 30, 30, 30, 30, 30, 30, 30, 30, 30, 30, 30, 30, 30, 30, 30, 30, 30, 30, 30, 30, 30, 30, 30, 30, 30, 30, 30, 30, 30, 30, 30, 30, 30, 30, 30, 30, 30, 30, 30, 30, 30, 30, 30, 30, 30, 30, 30, 30, 30, 30, 30, 30, 30, 30, 30, 30, 30, 30, 30, 30, 30, 30, 30, 30, 30, 30, 30, 30, 30, 30, 30, 30, 30, 30, 30, 30, 30, 30, 30, 30, 30, 30, 30, 30, 30, 30, 30, 30, 30, 30, 30, 30, 30, 30, 30, 30, 30, 30, 30, 30, 30, 30, 30, 30, 30, 30, 30, 30, 30, 30, 30, 30, 30, 30, 30, 30, 30, 30, 30, 30, 30, 30, 30, 30, 30, 30, 30, 30, 30, 30, 30, 30, 30, 30, 30, 30, 30, 30, 30, 30, 30, 30, 30, 30, 30, 30, 30, 30, 30, 30, 30, 30, 30, 30, 30, 30, 30, 30, 30, 30, 30, 30, 30, 30, 30, 30, 30, 30, 30, 30, 30, 30, 30, 30, 30, 30, 30, 30, 30, 30, 30, 30
         RAW_NAME: SRR000123.12
        RD_FILTER: SRA_READ_FILTER_PASS
             READ: TCAGATCGGCAATCGTAGCATCTTCAGTTTCTCCTGAGCGATGAGAGGTAACCGTAGTATATCCATGACGATGAGCCATTTCGATTGCATCCAGTGTTTCACTGAGTGAGCCGATCTGATTTACTTAATAAGGATGGAATTGGCACATCCCACGCTCAATACCTTTCGTAAGGAAGTCTACATTGTTAACGAACGAGGTCGATCGCCGTACCCACGCTGGCGAGCGTCCACCGACTACGTTCGGTTACGTTTTTACTTACTCCC
      READ_FILTER: SRA_READ_FILTER_PASS
         READ_LEN: 264
         READ_SEG: [0, 264]
       READ_START: 0
        READ_TYPE: SRA_READ_TYPE_BIOLOGICAL
       SIGNAL_LEN: 0
       SPOT_COUNT: 3
      SPOT_FILTER: 0
       SPOT_GROUP: 
          SPOT_ID: 3
         SPOT_LEN: 264
         TRIM_LEN: 264
       TRIM_START: 0

