       BASE_COUNT: 605
   BIO_BASE_COUNT: 605
   CMP_BASE_COUNT: 605
CMP_LINKAGE_GROUP: 
     COLOR_MATRIX: 0, 1, 2, 3, 4, 1, 0, 3, 2, 4, 2, 3, 0, 1, 4, 3, 2, 1, 0, 4, 4, 4, 4, 4, 4
           CSREAD: 021210023002012331130011033133230233111022331010003110311021202310200113011320222330110103222021332332130211230321222111331011200023320310203112311200023320.
           CS_KEY: T
        CS_NATIVE: false
   FIXED_SPOT_LEN: 0
    LINKAGE_GROUP: 
      MAX_SPOT_ID: 3
      MIN_SPOT_ID: 1
             NAME: EXRHO8E16JTGUV
         PLATFORM: SRA_PLATFORM_UNDEFINED
          QUALITY: 30, 30, 30, 30, 30, 30, 30, 30, 30, 30, 30, 30, 30, 30, 30, 30, 30, 30, 30, 30, 30, 30, 30, 30, 30, 30, 30, 30, 30, 30, 30, 30, 30, 30, 30, 30, 30, 30, 30, 30, 30, 30, 30, 30, 30, 30, 30, 30, 30, 30, 30, 30, 30, 30, 30, 30, 30, 30, 30, 30, 30, 30, 30, 30, 30, 30, 30, 30, 30, 30, 30, 30, 30, 30, 30, 30, 30, 30, 30, 30, 30, 30, 30, 30, 30, 30, 30, 30, 30, 30, 30, 30, 30, 30, 30, 30, 30, 30, 30, 30, 30, 30, 30, 30, 30, 30, 30, 30, 30, 30, 30, 30, 30, 30, 30, 30, 30, 30, 30, 30, 30, 30, 30, 30, 30, 30, 30, 30, 30, 30, 30, 30, 30, 30, 30, 30, 30, 30, 30, 30, 30, 30, 30, 30, 30, 30, 30, 30, 30, 30, 30, 30, 30, 30, 30, 30, 30
         RAW_NAME: EXRHO8E16JTGUV
        RD_FILTER: SRA_READ_FILTER_PASS
             READ: TCAGTTTCGGGAACTATGTAAACAATACGCTAAGCGTGTTCTATGGTTTTACAATGTTCAGGATGGAAACATTGTAGGAGATAACAACCGAGAAGTATCGCTGCCTGTCGGCTGAGACACGCAACAGGGGATAGGCAAGGCACTACAGGGGATAGGN
      READ_FILTER: SRA_READ_FILTER_PASS
         READ_LEN: 157
         READ_SEG: [0, 157]
       READ_START: 0
        READ_TYPE: SRA_READ_TYPE_BIOLOGICAL
       SIGNAL_LEN: 0
       SPOT_COUNT: 3
      SPOT_FILTER: 0
       SPOT_GROUP: 
          SPOT_ID: 1
         SPOT_LEN: 157
         TRIM_LEN: 157
       TRIM_START: 0

       BASE_COUNT: 605
   BIO_BASE_COUNT: 605
   CMP_BASE_COUNT: 605
CMP_LINKAGE_GROUP: 
     COLOR_MATRIX: 0, 1, 2, 3, 4, 1, 0, 3, 2, 4, 2, 3, 0, 1, 4, 3, 2, 1, 0, 4, 4, 4, 4, 4, 4
           CSREAD: 0212323113012102000312333011322331202002303323200230312320022301013000022123103113311011103312010311102202032031113210221021002200300012000033000001020130200232210123131000123113210202302102001012123321013310300302131332122130023313123321320021112313200221112022201330102030312122
           CS_KEY: T
        CS_NATIVE: false
   FIXED_SPOT_LEN: 0
    LINKAGE_GROUP: 
      MAX_SPOT_ID: 3
      MIN_SPOT_ID: 1
             NAME: EXRHO8E16JU4WU
         PLATFORM: SRA_PLATFORM_UNDEFINED
          QUALITY: 30, 30, 30, 30, 30, 30, 30, 30, 30, 30, 30, 30, 30, 30, 30, 30, 30, 30, 30, 30, 30, 30, 30, 30, 30, 30, 30, 30, 30, 30, 30, 30, 30, 30, 30, 30, 30, 30, 30, 30, 30, 30, 30, 30, 30, 30, 30, 30, 30, 30, 30, 30, 30, 30, 30, 30, 30, 30, 30, 30, 30, 30, 30, 30, 30, 30, 30, 30, 30, 30, 30, 30, 30, 30, 30, 30, 30, 30, 30, 30, 30, 30, 30, 30, 30, 30, 30, 30, 30, 30, 30, 30, 30, 30, 30, 30, 30, 30, 30, 30, 30, 30, 30, 30, 30, 30, 30, 30, 30, 30, 30, 30, 30, 30, 30, 30, 30, 30, 30, 30, 30, 30, 30, 30, 30, 30, 30, 30, 30, 30, 30, 30, 30, 30, 30, 30, 30, 30, 30, 30, 30, 30, 30, 30, 30, 30, 30, 30, 30, 30, 30, 30, 30, 30, 30, 30, 30, 30, 30, 30, 30, 30, 30, 30, 30, 30, 30, 30, 30, 30, 30, 30, 30, 30, 30, 30, 30, 30, 30, 30, 30, 30, 30, 30, 30, 30, 30, 30, 30, 30, 30, 30, 30, 30, 30, 30, 30, 30, 30, 30, 30, 30, 30, 30, 30, 30, 30, 30, 30, 30, 30, 30, 30, 30, 30, 30, 30, 30, 30, 30, 30, 30, 30, 30, 30, 30, 30, 30, 30, 30, 30, 30, 30, 30, 30, 30, 30, 30, 30, 30, 30, 30, 30, 30, 30, 30, 30, 30, 30, 30, 30, 30, 30, 30, 30, 30, 30, 30, 30, 30, 30, 30, 30, 30, 30, 30, 30, 30, 30, 30, 30, 30, 30, 30, 30, 30, 30, 30, 30, 30
         RAW_NAME: EXRHO8E16JU4WU
        RD_FILTER: SRA_READ_FILTER_PASS
             READ: TCAGCTACATTGACCTTTTACTATAACATCTATGAAGGGATTATCGAAAGCCGTCGAAAGATTGGTAAAAAGACTACCGTGCGTGGTGTTATGAACCGTGTTCTTCCGAATGTGCTGGAGTTCAAAGAAATTTTGAAAAATAAAAAACCTTGCCTTTCGAGTTGATGCAAAACTACATCAAGGATTCAAGGGTTGACTATCAACGCAATTTAAGTACGCTGAGTAAAGCGTACTATCATCCCTGTGATGCTTTCTGTGAAGAGGTATTGGAATTACTGAG
      READ_FILTER: SRA_READ_FILTER_PASS
         READ_LEN: 280
         READ_SEG: [0, 280]
       READ_START: 0
        READ_TYPE: SRA_READ_TYPE_BIOLOGICAL
       SIGNAL_LEN: 0
       SPOT_COUNT: 3
      SPOT_FILTER: 0
       SPOT_GROUP: 
          SPOT_ID: 2
         SPOT_LEN: 280
         TRIM_LEN: 280
       TRIM_START: 0

       BASE_COUNT: 605
   BIO_BASE_COUNT: 605
   CMP_BASE_COUNT: 605
CMP_LINKAGE_GROUP: 
     COLOR_MATRIX: 0, 1, 2, 3, 4, 1, 0, 3, 2, 4, 2, 3, 0, 1, 4, 3, 2, 1, 0, 4, 4, 4, 4, 4, 4
           CSREAD: 02120000213300010201113302312032021013211123101211131013113313011230110302210130301112310031321011330113021333300113020302202122211133101120002332031020311111200023320.
           CS_KEY: T
        CS_NATIVE: false
   FIXED_SPOT_LEN: 0
    LINKAGE_GROUP: 
      MAX_SPOT_ID: 3
      MIN_SPOT_ID: 1
             NAME: EXRHO8E16JVI1Y
         PLATFORM: SRA_PLATFORM_UNDEFINED
          QUALITY: 3, 3, 3, 3, 3, 3, 3, 3, 3, 3, 3, 3, 3, 3, 3, 3, 3, 3, 3, 3, 3, 3, 3, 3, 3, 3, 3, 3, 3, 3, 3, 3, 3, 3, 3, 3, 3, 3, 3, 3, 3, 3, 3, 3, 3, 3, 3, 3, 3, 3, 3, 3, 3, 3, 3, 3, 3, 3, 3, 3, 3, 3, 3, 3, 3, 3, 3, 3, 3, 3, 3, 3, 3, 3, 3, 3, 3, 3, 3, 3, 3, 3, 3, 3, 3, 3, 3, 3, 3, 3, 3, 3, 3, 3, 3, 3, 3, 3, 3, 3, 3, 3, 3, 3, 3, 3, 3, 3, 3, 3, 3, 3, 3, 3, 3, 3, 3, 3, 3, 3, 3, 3, 3, 3, 3, 3, 3, 3, 3, 3, 3, 3, 3, 3, 3, 3, 3, 3, 3, 3, 3, 3, 3, 3, 3, 3, 3, 3, 3, 3, 3, 3, 3, 3, 3, 3, 3, 3, 3, 3, 3, 3, 3, 3, 3, 3, 3, 3
         RAW_NAME: EXRHO8E16JVI1Y
        RD_FILTER: SRA_READ_FILTER_PASS
             READ: TCAGGGGGACGCCCCAAGGTGTATTCGTCCGAAGTTGCTGTGATGGTCACATGGTACATACGGTGATTGTTAAGACCATTAACACTACCCGTAGTTGTATTGTAAGTATATTTGTAAGGCCTCCTGAGACACGCAACAGGGGATAGGCAAGGCACACAGGGGATAGGN
      READ_FILTER: SRA_READ_FILTER_PASS
         READ_LEN: 168
         READ_SEG: [0, 168]
       READ_START: 0
        READ_TYPE: SRA_READ_TYPE_BIOLOGICAL
       SIGNAL_LEN: 0
       SPOT_COUNT: 3
      SPOT_FILTER: 1
       SPOT_GROUP: 
          SPOT_ID: 3
         SPOT_LEN: 168
         TRIM_LEN: 168
       TRIM_START: 0

