       BASE_COUNT: 66
   BIO_BASE_COUNT: 66
   CMP_BASE_COUNT: 66
CMP_LINKAGE_GROUP: 
     COLOR_MATRIX: 0, 1, 2, 3, 4, 1, 0, 3, 2, 4, 2, 3, 0, 1, 4, 3, 2, 1, 0, 4, 4, 4, 4, 4, 4
           CSREAD: 301212321010213302323201331023331311203221313213231002230003322030
           CS_KEY: TT
        CS_NATIVE: false
   FIXED_SPOT_LEN: 66
    LINKAGE_GROUP: 
      MAX_SPOT_ID: 1
      MIN_SPOT_ID: 1
             NAME: HWI-EAS6_4_FC2010T:1:1:80:366
         PLATFORM: SRA_PLATFORM_UNDEFINED
          QUALITY: 30, 30, 30, 30, 30, 30, 30, 30, 30, 30, 30, 30, 30, 30, 30, 30, 30, 30, 30, 30, 30, 30, 30, 30, 30, 30, 30, 30, 30, 30, 30, 30, 30, 30, 30, 30, 30, 30, 30, 30, 30, 30, 30, 30, 30, 30, 30, 30, 30, 30, 30, 30, 30, 30, 30, 30, 30, 30, 30, 30, 30, 30, 30, 30, 30, 30
         RAW_NAME: HWI-EAS6_4_FC2010T:1:1:80:366
        RD_FILTER: SRA_READ_FILTER_PASS, SRA_READ_FILTER_PASS
             READ: AACTGATCAACCTGCGGATCGAACGCAAGCGCAACAGGCTCATGCTGCTACCCTCGGGGCGAGGCC
      READ_FILTER: SRA_READ_FILTER_PASS, SRA_READ_FILTER_PASS
         READ_LEN: 33, 33
         READ_SEG: [0, 33], [33, 33]
       READ_START: 0, 33
        READ_TYPE: SRA_READ_TYPE_BIOLOGICAL, SRA_READ_TYPE_BIOLOGICAL
       SIGNAL_LEN: 0
       SPOT_COUNT: 1
      SPOT_FILTER: 0
       SPOT_GROUP: 
          SPOT_ID: 1
         SPOT_LEN: 66
         TRIM_LEN: 66
       TRIM_START: 0

