       BASE_COUNT: 36
   BIO_BASE_COUNT: 36
   CMP_BASE_COUNT: 36
CMP_LINKAGE_GROUP: 
     COLOR_MATRIX: 0, 1, 2, 3, 4, 1, 0, 3, 2, 4, 2, 3, 0, 1, 4, 3, 2, 1, 0, 4, 4, 4, 4, 4, 4
           CSREAD: 112332022230202..1120022110..03..0..
           CS_KEY: TT
        CS_NATIVE: false
   FIXED_SPOT_LEN: 36
    LINKAGE_GROUP: 
      MAX_SPOT_ID: 1
      MIN_SPOT_ID: 1
             NAME: BILLIEHOLIDAY_1_FC20F3DAAXX:8:2:342:540
         PLATFORM: SRA_PLATFORM_454
          QUALITY: 30, 30, 30, 30, 30, 30, 30, 30, 30, 30, 30, 30, 30, 30, 30, 30, 30, 30, 30, 30, 30, 30, 30, 30, 30, 30, 30, 30, 30, 30, 30, 30, 30, 30, 30, 30
         RAW_NAME: BILLIEHOLIDAY_1_FC20F3DAAXX:8:2:342:540
        RD_FILTER: SRA_READ_FILTER_PASS, SRA_READ_FILTER_PASS
             READ: GTCGCTTCTCGGAAGNGTGAAAGACAANAATNTTNN
      READ_FILTER: SRA_READ_FILTER_PASS, SRA_READ_FILTER_PASS
         READ_LEN: 36, 0
         READ_SEG: [0, 36], [36, 0]
       READ_START: 0, 36
        READ_TYPE: SRA_READ_TYPE_BIOLOGICAL, SRA_READ_TYPE_TECHNICAL
       SIGNAL_LEN: 0
       SPOT_COUNT: 1
      SPOT_FILTER: 0
       SPOT_GROUP: 
          SPOT_ID: 1
         SPOT_LEN: 36
         TRIM_LEN: 36
       TRIM_START: 0

