       BASE_COUNT: 1992
   BIO_BASE_COUNT: 1992
   CMP_BASE_COUNT: 1992
CMP_LINKAGE_GROUP: 
     COLOR_MATRIX: 0, 1, 2, 3, 4, 1, 0, 3, 2, 4, 2, 3, 0, 1, 4, 3, 2, 1, 0, 4, 4, 4, 4, 4, 4
           CSREAD: 33333113001122113112313102030222133122230321033330003303123012303302102200033003011212211003120000330322030230111230023000331031322331013122211000001112132020113221212022310122001303300031130003321103303120130022220212122000003122200012300330033000311110001103033003330301230033021210033003
           CS_KEY: T
        CS_NATIVE: false
   FIXED_SPOT_LEN: 0
    LINKAGE_GROUP: 
      MAX_SPOT_ID: 13
      MIN_SPOT_ID: 1
             NAME: GG3IVWD03HJRKK
         PLATFORM: SRA_PLATFORM_UNDEFINED
          QUALITY: 30, 30, 30, 30, 30, 30, 30, 30, 30, 30, 30, 30, 30, 30, 30, 30, 30, 30, 30, 30, 30, 30, 30, 30, 30, 30, 30, 30, 30, 30, 30, 30, 30, 30, 30, 30, 30, 30, 30, 30, 30, 30, 30, 30, 30, 30, 30, 30, 30, 30, 30, 30, 30, 30, 30, 30, 30, 30, 30, 30, 30, 30, 30, 30, 30, 30, 30, 30, 30, 30, 30, 30, 30, 30, 30, 30, 30, 30, 30, 30, 30, 30, 30, 30, 30, 30, 30, 30, 30, 30, 30, 30, 30, 30, 30, 30, 30, 30, 30, 30, 30, 30, 30, 30, 30, 30, 30, 30, 30, 30, 30, 30, 30, 30, 30, 30, 30, 30, 30, 30, 30, 30, 30, 30, 30, 30, 30, 30, 30, 30, 30, 30, 30, 30, 30, 30, 30, 30, 30, 30, 30, 30, 30, 30, 30, 30, 30, 30, 30, 30, 30, 30, 30, 30, 30, 30, 30, 30, 30, 30, 30, 30, 30, 30, 30, 30, 30, 30, 30, 30, 30, 30, 30, 30, 30, 30, 30, 30, 30, 30, 30, 30, 30, 30, 30, 30, 30, 30, 30, 30, 30, 30, 30, 30, 30, 30, 30, 30, 30, 30, 30, 30, 30, 30, 30, 30, 30, 30, 30, 30, 30, 30, 30, 30, 30, 30, 30, 30, 30, 30, 30, 30, 30, 30, 30, 30, 30, 30, 30, 30, 30, 30, 30, 30, 30, 30, 30, 30, 30, 30, 30, 30, 30, 30, 30, 30, 30, 30, 30, 30, 30, 30, 30, 30, 30, 30, 30, 30, 30, 30, 30, 30, 30, 30, 30, 30, 30, 30, 30, 30, 30, 30, 30, 30, 30, 30, 30, 30, 30, 30, 30, 30, 30, 30, 30, 30, 30, 30, 30, 30
         RAW_NAME: GG3IVWD03HJRKK
        RD_FILTER: SRA_READ_FILTER_PASS
             READ: ATATACATTTGTCTGTACAGCATGGAATTCTCATACTCTAATCAATATAAAATAATGATTGATTATTCAAGAAAATAAATTGTCAGACAAATGAAAAATAATCTTAAGCCACAGCCCTAAAATACCGTAGATACCATGAGACAAAAAACACTGCTTCCACGAGTCAGGAGCAACTCCCATTATTTTACATTTTATCACCGCCGTCCATTTCTCTTCAGTCTTTTTTACTCTTTTGATTTATTTATTTTACACAAAACAATTATTTATAATTGATTTATTCAGTTTATTTA
      READ_FILTER: SRA_READ_FILTER_PASS
         READ_LEN: 290
         READ_SEG: [0, 290]
       READ_START: 0
        READ_TYPE: SRA_READ_TYPE_BIOLOGICAL
       SIGNAL_LEN: 0
       SPOT_COUNT: 13
      SPOT_FILTER: 0
       SPOT_GROUP: 
          SPOT_ID: 1
         SPOT_LEN: 290
         TRIM_LEN: 290
       TRIM_START: 0

       BASE_COUNT: 1992
   BIO_BASE_COUNT: 1992
   CMP_BASE_COUNT: 1992
CMP_LINKAGE_GROUP: 
     COLOR_MATRIX: 0, 1, 2, 3, 4, 1, 0, 3, 2, 4, 2, 3, 0, 1, 4, 3, 2, 1, 0, 4, 4, 4, 4, 4, 4
           CSREAD: 0120230102202301112310113213110012202220220222322023022130220320202112303211020022210222022022021121310130201332031103210011302222010211021210231301020303202212303210211330322111311122200220131133120121202301320220120112212332211222121001
           CS_KEY: T
        CS_NATIVE: false
   FIXED_SPOT_LEN: 0
    LINKAGE_GROUP: 
      MAX_SPOT_ID: 13
      MIN_SPOT_ID: 1
             NAME: GG3IVWD03GMLDS
         PLATFORM: SRA_PLATFORM_UNDEFINED
          QUALITY: 30, 30, 30, 30, 30, 30, 30, 30, 30, 30, 30, 30, 30, 30, 30, 30, 30, 30, 30, 30, 30, 30, 30, 30, 30, 30, 30, 30, 30, 30, 30, 30, 30, 30, 30, 30, 30, 30, 30, 30, 30, 30, 30, 30, 30, 30, 30, 30, 30, 30, 30, 30, 30, 30, 30, 30, 30, 30, 30, 30, 30, 30, 30, 30, 30, 30, 30, 30, 30, 30, 30, 30, 30, 30, 30, 30, 30, 30, 30, 30, 30, 30, 30, 30, 30, 30, 30, 30, 30, 30, 30, 30, 30, 30, 30, 30, 30, 30, 30, 30, 30, 30, 30, 30, 30, 30, 30, 30, 30, 30, 30, 30, 30, 30, 30, 30, 30, 30, 30, 30, 30, 30, 30, 30, 30, 30, 30, 30, 30, 30, 30, 30, 30, 30, 30, 30, 30, 30, 30, 30, 30, 30, 30, 30, 30, 30, 30, 30, 30, 30, 30, 30, 30, 30, 30, 30, 30, 30, 30, 30, 30, 30, 30, 30, 30, 30, 30, 30, 30, 30, 30, 30, 30, 30, 30, 30, 30, 30, 30, 30, 30, 30, 30, 30, 30, 30, 30, 30, 30, 30, 30, 30, 30, 30, 30, 30, 30, 30, 30, 30, 30, 30, 30, 30, 30, 30, 30, 30, 30, 30, 30, 30, 30, 30, 30, 30, 30, 30, 30, 30, 30, 30, 30, 30, 30, 30, 30, 30, 30, 30, 30, 30, 30, 30, 30, 30, 30, 30
         RAW_NAME: GG3IVWD03GMLDS
        RD_FILTER: SRA_READ_FILTER_PASS
             READ: TGAAGCCAAGAAGCCACAGCAACATCATGTTTGAGGAGAAGAAGAGCTCCTAAGACGGAGGCTTCCTGTCGGCTGTTCCCTCTGGAGAAGAAGAAGTGACGTTGCCTTGCGAATGTTAGTTTGTAAGAGAACCTGTTCAGTTCGTAACCTTAATCCTCAGCCGACCTGTATTAGACACGTGTCTCCCTCCATGTATGAACTGAAGCCATCCTCCAGGTGAGTCGCTCACTCTGACCCA
      READ_FILTER: SRA_READ_FILTER_PASS
         READ_LEN: 238
         READ_SEG: [0, 238]
       READ_START: 0
        READ_TYPE: SRA_READ_TYPE_BIOLOGICAL
       SIGNAL_LEN: 0
       SPOT_COUNT: 13
      SPOT_FILTER: 0
       SPOT_GROUP: 
          SPOT_ID: 2
         SPOT_LEN: 238
         TRIM_LEN: 238
       TRIM_START: 0

       BASE_COUNT: 1992
   BIO_BASE_COUNT: 1992
   CMP_BASE_COUNT: 1992
CMP_LINKAGE_GROUP: 
     COLOR_MATRIX: 0, 1, 2, 3, 4, 1, 0, 3, 2, 4, 2, 3, 0, 1, 4, 3, 2, 1, 0, 4, 4, 4, 4, 4, 4
           CSREAD: .
           CS_KEY: T
        CS_NATIVE: false
   FIXED_SPOT_LEN: 0
    LINKAGE_GROUP: 
      MAX_SPOT_ID: 13
      MIN_SPOT_ID: 1
             NAME: GG3IVWD03GFQBB
         PLATFORM: SRA_PLATFORM_UNDEFINED
          QUALITY: 3
         RAW_NAME: GG3IVWD03GFQBB
        RD_FILTER: SRA_READ_FILTER_PASS
             READ: N
      READ_FILTER: SRA_READ_FILTER_PASS
         READ_LEN: 1
         READ_SEG: [0, 1]
       READ_START: 0
        READ_TYPE: SRA_READ_TYPE_BIOLOGICAL
       SIGNAL_LEN: 0
       SPOT_COUNT: 13
      SPOT_FILTER: 1
       SPOT_GROUP: 
          SPOT_ID: 3
         SPOT_LEN: 1
         TRIM_LEN: 1
       TRIM_START: 0

       BASE_COUNT: 1992
   BIO_BASE_COUNT: 1992
   CMP_BASE_COUNT: 1992
CMP_LINKAGE_GROUP: 
     COLOR_MATRIX: 0, 1, 2, 3, 4, 1, 0, 3, 2, 4, 2, 3, 0, 1, 4, 3, 2, 1, 0, 4, 4, 4, 4, 4, 4
           CSREAD: 3233002222000311131011112200120012023120111002313221303322200232101021320113203131113033111022010111033201333100123131330333103123103222323120100123231
           CS_KEY: T
        CS_NATIVE: false
   FIXED_SPOT_LEN: 0
    LINKAGE_GROUP: 
      MAX_SPOT_ID: 13
      MIN_SPOT_ID: 1
             NAME: GG3IVWD03F2Q8L
         PLATFORM: SRA_PLATFORM_UNDEFINED
          QUALITY: 30, 30, 30, 30, 30, 30, 30, 30, 30, 30, 30, 30, 30, 30, 30, 30, 30, 30, 30, 30, 30, 30, 30, 30, 30, 30, 30, 30, 30, 30, 30, 30, 30, 30, 30, 30, 30, 30, 30, 30, 30, 30, 30, 30, 30, 30, 30, 30, 30, 30, 30, 30, 30, 30, 30, 30, 30, 30, 30, 30, 30, 30, 30, 30, 30, 30, 30, 30, 30, 30, 30, 30, 30, 30, 30, 30, 30, 30, 30, 30, 30, 30, 30, 30, 30, 30, 30, 30, 30, 30, 30, 30, 30, 30, 30, 30, 30, 30, 30, 30, 30, 30, 30, 30, 30, 30, 30, 30, 30, 30, 30, 30, 30, 30, 30, 30, 30, 30, 30, 30, 30, 30, 30, 30, 30, 30, 30, 30, 30, 30, 30, 30, 30, 30, 30, 30, 30, 30, 30, 30, 30, 30, 30, 30, 30, 30, 30, 30, 30, 30, 30
         RAW_NAME: GG3IVWD03F2Q8L
        RD_FILTER: SRA_READ_FILTER_PASS
             READ: AGCGGGAGAGGGGCACATGGTGTGAGGGTCCCAGGATGAACACCCTACGAGTAATAGAGGGATCAACCTGCTTGTAGGCATGTGCCGCACAAGAACCACAATAGGTATACCCAGCATGCGGCGCAATGATGGCTCTAGCAGGTTTGATCGT
      READ_FILTER: SRA_READ_FILTER_PASS
         READ_LEN: 151
         READ_SEG: [0, 151]
       READ_START: 0
        READ_TYPE: SRA_READ_TYPE_BIOLOGICAL
       SIGNAL_LEN: 0
       SPOT_COUNT: 13
      SPOT_FILTER: 0
       SPOT_GROUP: 
          SPOT_ID: 4
         SPOT_LEN: 151
         TRIM_LEN: 151
       TRIM_START: 0

       BASE_COUNT: 1992
   BIO_BASE_COUNT: 1992
   CMP_BASE_COUNT: 1992
CMP_LINKAGE_GROUP: 
     COLOR_MATRIX: 0, 1, 2, 3, 4, 1, 0, 3, 2, 4, 2, 3, 0, 1, 4, 3, 2, 1, 0, 4, 4, 4, 4, 4, 4
           CSREAD: 20223123320211200021310032023022113211020213231200100101020333313100120232001001121212120333033312111130201212320110020211321111111011101012102302211312210301021213112121103330001222301133102212210100011002111030120223123001130013200000..0000213
           CS_KEY: T
        CS_NATIVE: false
   FIXED_SPOT_LEN: 0
    LINKAGE_GROUP: 
      MAX_SPOT_ID: 13
      MIN_SPOT_ID: 1
             NAME: GG3IVWD03G7J0C
         PLATFORM: SRA_PLATFORM_UNDEFINED
          QUALITY: 30, 30, 30, 30, 30, 30, 30, 30, 30, 30, 30, 30, 30, 30, 30, 30, 30, 30, 30, 30, 30, 30, 30, 30, 30, 30, 30, 30, 30, 30, 30, 30, 30, 30, 30, 30, 30, 30, 30, 30, 30, 30, 30, 30, 30, 30, 30, 30, 30, 30, 30, 30, 30, 30, 30, 30, 30, 30, 30, 30, 30, 30, 30, 30, 30, 30, 30, 30, 30, 30, 30, 30, 30, 30, 30, 30, 30, 30, 30, 30, 30, 30, 30, 30, 30, 30, 30, 30, 30, 30, 30, 30, 30, 30, 30, 30, 30, 30, 30, 30, 30, 30, 30, 30, 30, 30, 30, 30, 30, 30, 30, 30, 30, 30, 30, 30, 30, 30, 30, 30, 30, 30, 30, 30, 30, 30, 30, 30, 30, 30, 30, 30, 30, 30, 30, 30, 30, 30, 30, 30, 30, 30, 30, 30, 30, 30, 30, 30, 30, 30, 30, 30, 30, 30, 30, 30, 30, 30, 30, 30, 30, 30, 30, 30, 30, 30, 30, 30, 30, 30, 30, 30, 30, 30, 30, 30, 30, 30, 30, 30, 30, 30, 30, 30, 30, 30, 30, 30, 30, 30, 30, 30, 30, 30, 30, 30, 30, 30, 30, 30, 30, 30, 30, 30, 30, 30, 30, 30, 30, 30, 30, 30, 30, 30, 30, 30, 30, 30, 30, 30, 30, 30, 30, 30, 30, 30, 30, 30, 30, 30, 30, 30, 30, 30, 30, 30, 30, 30, 30, 30, 30, 30, 30, 30, 30
         RAW_NAME: GG3IVWD03G7J0C
        RD_FILTER: SRA_READ_FILTER_PASS
             READ: CCTCGTCGCTTCACTTTTCATGGGCTTCGGAGTGCTGTTCCTGCTACTTTGGGTTGGAATATACGTTTGAAGCTTTGGGTGACTGACTTATAATATGACACATTCCAGTCGAACAAAGGACATCACACACAACACCAACTGGATTCTGTACTCAATTGGACTGCACTGACAATATTTTGAGATTGTATGGAGTCTGGTTTTGTTTCACAATTGAAGATGATTTGTAAACGAAAAAANAAAAAGTA
      READ_FILTER: SRA_READ_FILTER_PASS
         READ_LEN: 245
         READ_SEG: [0, 245]
       READ_START: 0
        READ_TYPE: SRA_READ_TYPE_BIOLOGICAL
       SIGNAL_LEN: 0
       SPOT_COUNT: 13
      SPOT_FILTER: 0
       SPOT_GROUP: 
          SPOT_ID: 5
         SPOT_LEN: 245
         TRIM_LEN: 245
       TRIM_START: 0

       BASE_COUNT: 1992
   BIO_BASE_COUNT: 1992
   CMP_BASE_COUNT: 1992
CMP_LINKAGE_GROUP: 
     COLOR_MATRIX: 0, 1, 2, 3, 4, 1, 0, 3, 2, 4, 2, 3, 0, 1, 4, 3, 2, 1, 0, 4, 4, 4, 4, 4, 4
           CSREAD: .
           CS_KEY: T
        CS_NATIVE: false
   FIXED_SPOT_LEN: 0
    LINKAGE_GROUP: 
      MAX_SPOT_ID: 13
      MIN_SPOT_ID: 1
             NAME: GG3IVWD03G2V2N
         PLATFORM: SRA_PLATFORM_UNDEFINED
          QUALITY: 3
         RAW_NAME: GG3IVWD03G2V2N
        RD_FILTER: SRA_READ_FILTER_PASS
             READ: N
      READ_FILTER: SRA_READ_FILTER_PASS
         READ_LEN: 1
         READ_SEG: [0, 1]
       READ_START: 0
        READ_TYPE: SRA_READ_TYPE_BIOLOGICAL
       SIGNAL_LEN: 0
       SPOT_COUNT: 13
      SPOT_FILTER: 1
       SPOT_GROUP: 
          SPOT_ID: 6
         SPOT_LEN: 1
         TRIM_LEN: 1
       TRIM_START: 0

       BASE_COUNT: 1992
   BIO_BASE_COUNT: 1992
   CMP_BASE_COUNT: 1992
CMP_LINKAGE_GROUP: 
     COLOR_MATRIX: 0, 1, 2, 3, 4, 1, 0, 3, 2, 4, 2, 3, 0, 1, 4, 3, 2, 1, 0, 4, 4, 4, 4, 4, 4
           CSREAD: 223200321003103331210230003113330102230133303001022311100130130130131100321130133000012310133313120110010203102331310332111310031021031232200102023210011110102223120033232133321130013221231231102322000101220220002200102131111102333001221113300123201102323233323230223032203330223213323101
           CS_KEY: T
        CS_NATIVE: false
   FIXED_SPOT_LEN: 0
    LINKAGE_GROUP: 
      MAX_SPOT_ID: 13
      MIN_SPOT_ID: 1
             NAME: GG3IVWD03HKKWM
         PLATFORM: SRA_PLATFORM_UNDEFINED
          QUALITY: 30, 30, 30, 30, 30, 30, 30, 30, 30, 30, 30, 30, 30, 30, 30, 30, 30, 30, 30, 30, 30, 30, 30, 30, 30, 30, 30, 30, 30, 30, 30, 30, 30, 30, 30, 30, 30, 30, 30, 30, 30, 30, 30, 30, 30, 30, 30, 30, 30, 30, 30, 30, 30, 30, 30, 30, 30, 30, 30, 30, 30, 30, 30, 30, 30, 30, 30, 30, 30, 30, 30, 30, 30, 30, 30, 30, 30, 30, 30, 30, 30, 30, 30, 30, 30, 30, 30, 30, 30, 30, 30, 30, 30, 30, 30, 30, 30, 30, 30, 30, 30, 30, 30, 30, 30, 30, 30, 30, 30, 30, 30, 30, 30, 30, 30, 30, 30, 30, 30, 30, 30, 30, 30, 30, 30, 30, 30, 30, 30, 30, 30, 30, 30, 30, 30, 30, 30, 30, 30, 30, 30, 30, 30, 30, 30, 30, 30, 30, 30, 30, 30, 30, 30, 30, 30, 30, 30, 30, 30, 30, 30, 30, 30, 30, 30, 30, 30, 30, 30, 30, 30, 30, 30, 30, 30, 30, 30, 30, 30, 30, 30, 30, 30, 30, 30, 30, 30, 30, 30, 30, 30, 30, 30, 30, 30, 30, 30, 30, 30, 30, 30, 30, 30, 30, 30, 30, 30, 30, 30, 30, 30, 30, 30, 30, 30, 30, 30, 30, 30, 30, 30, 30, 30, 30, 30, 30, 30, 30, 30, 30, 30, 30, 30, 30, 30, 30, 30, 30, 30, 30, 30, 30, 30, 30, 30, 30, 30, 30, 30, 30, 30, 30, 30, 30, 30, 30, 30, 30, 30, 30, 30, 30, 30, 30, 30, 30, 30, 30, 30, 30, 30, 30, 30, 30, 30, 30, 30, 30, 30, 30, 30, 30, 30, 30, 30, 30, 30, 30
         RAW_NAME: GG3IVWD03HKKWM
        RD_FILTER: SRA_READ_FILTER_PASS
             READ: CTAGGGCTGGGCAATATGACCTAAAATGTATAACCTCGGTATAATTTGGAGCACAAACGGTAACGGTACAAATCACGGTATTTTTGATGGTATACGTCCACCCAAGGCAAGCGTACCGCTGTGCAAATGGACCGTCGAGGGTTCCTAGTTTGTGTTGGAGATGAAATAGCTGCGCTGTAAACGAGTCGTCGTGGATCTTTTGGTCTTCTTTTCTTTGGACGTGTGTTCGCGGGTCTGTGCGGGTCGAACAAGCTAGCGCTAGCCTCGGCTCCGCGGAGCTGCGATGGT
      READ_FILTER: SRA_READ_FILTER_PASS
         READ_LEN: 288
         READ_SEG: [0, 288]
       READ_START: 0
        READ_TYPE: SRA_READ_TYPE_BIOLOGICAL
       SIGNAL_LEN: 0
       SPOT_COUNT: 13
      SPOT_FILTER: 0
       SPOT_GROUP: 
          SPOT_ID: 7
         SPOT_LEN: 288
         TRIM_LEN: 288
       TRIM_START: 0

       BASE_COUNT: 1992
   BIO_BASE_COUNT: 1992
   CMP_BASE_COUNT: 1992
CMP_LINKAGE_GROUP: 
     COLOR_MATRIX: 0, 1, 2, 3, 4, 1, 0, 3, 2, 4, 2, 3, 0, 1, 4, 3, 2, 1, 0, 4, 4, 4, 4, 4, 4
           CSREAD: 312332130330013213131311103130100220330003132112211210312031220331223032033112121022101200020112122023001312220111111111111111111111111111232
           CS_KEY: T
        CS_NATIVE: false
   FIXED_SPOT_LEN: 0
    LINKAGE_GROUP: 
      MAX_SPOT_ID: 13
      MIN_SPOT_ID: 1
             NAME: GG3IVWD03G0YS1
         PLATFORM: SRA_PLATFORM_UNDEFINED
          QUALITY: 30, 30, 30, 30, 30, 30, 30, 30, 30, 30, 30, 30, 30, 30, 30, 30, 30, 30, 30, 30, 30, 30, 30, 30, 30, 30, 30, 30, 30, 30, 30, 30, 30, 30, 30, 30, 30, 30, 30, 30, 30, 30, 30, 30, 30, 30, 30, 30, 30, 30, 30, 30, 30, 30, 30, 30, 30, 30, 30, 30, 30, 30, 30, 30, 30, 30, 30, 30, 30, 30, 30, 30, 30, 30, 30, 30, 30, 30, 30, 30, 30, 30, 30, 30, 30, 30, 30, 30, 30, 30, 30, 30, 30, 30, 30, 30, 30, 30, 30, 30, 30, 30, 30, 30, 30, 30, 30, 30, 30, 30, 30, 30, 30, 30, 30, 30, 30, 30, 30, 30, 30, 30, 30, 30, 30, 30, 30, 30, 30, 30, 30, 30, 30, 30, 30, 30, 30, 30, 30, 30, 30
         RAW_NAME: GG3IVWD03G0YS1
        RD_FILTER: SRA_READ_FILTER_PASS
             READ: ACTATCATTATTTGCTGCATGCACAATGCCAAAGAATAAAATGCTGTCTGTCAATGAATGAGGCGTCTAATCCGCACTGACCTCAACTTTTCCACTGAGGATTTGCAGAGGTGTGTGTGTGTGTGTGTGTGTGTGTGTCGA
      READ_FILTER: SRA_READ_FILTER_PASS
         READ_LEN: 141
         READ_SEG: [0, 141]
       READ_START: 0
        READ_TYPE: SRA_READ_TYPE_BIOLOGICAL
       SIGNAL_LEN: 0
       SPOT_COUNT: 13
      SPOT_FILTER: 0
       SPOT_GROUP: 
          SPOT_ID: 8
         SPOT_LEN: 141
         TRIM_LEN: 141
       TRIM_START: 0

       BASE_COUNT: 1992
   BIO_BASE_COUNT: 1992
   CMP_BASE_COUNT: 1992
CMP_LINKAGE_GROUP: 
     COLOR_MATRIX: 0, 1, 2, 3, 4, 1, 0, 3, 2, 4, 2, 3, 0, 1, 4, 3, 2, 1, 0, 4, 4, 4, 4, 4, 4
           CSREAD: 3
           CS_KEY: T
        CS_NATIVE: false
   FIXED_SPOT_LEN: 0
    LINKAGE_GROUP: 
      MAX_SPOT_ID: 13
      MIN_SPOT_ID: 1
             NAME: GG3IVWD03FQOVY
         PLATFORM: SRA_PLATFORM_UNDEFINED
          QUALITY: 3
         RAW_NAME: GG3IVWD03FQOVY
        RD_FILTER: SRA_READ_FILTER_PASS
             READ: A
      READ_FILTER: SRA_READ_FILTER_PASS
         READ_LEN: 1
         READ_SEG: [0, 1]
       READ_START: 0
        READ_TYPE: SRA_READ_TYPE_BIOLOGICAL
       SIGNAL_LEN: 0
       SPOT_COUNT: 13
      SPOT_FILTER: 1
       SPOT_GROUP: 
          SPOT_ID: 9
         SPOT_LEN: 1
         TRIM_LEN: 1
       TRIM_START: 0

       BASE_COUNT: 1992
   BIO_BASE_COUNT: 1992
   CMP_BASE_COUNT: 1992
CMP_LINKAGE_GROUP: 
     COLOR_MATRIX: 0, 1, 2, 3, 4, 1, 0, 3, 2, 4, 2, 3, 0, 1, 4, 3, 2, 1, 0, 4, 4, 4, 4, 4, 4
           CSREAD: 1113102220321220323011002113132101023311102023132320203003331103221213312231022232120110210122020113123200020011332122312101301202210221013202122020003213210102101021102012100330320023102103000110102300112013212333113010003103101221222211022111033003
           CS_KEY: T
        CS_NATIVE: false
   FIXED_SPOT_LEN: 0
    LINKAGE_GROUP: 
      MAX_SPOT_ID: 13
      MIN_SPOT_ID: 1
             NAME: GG3IVWD03HD8KU
         PLATFORM: SRA_PLATFORM_UNDEFINED
          QUALITY: 30, 30, 30, 30, 30, 30, 30, 30, 30, 30, 30, 30, 30, 30, 30, 30, 30, 30, 30, 30, 30, 30, 30, 30, 30, 30, 30, 30, 30, 30, 30, 30, 30, 30, 30, 30, 30, 30, 30, 30, 30, 30, 30, 30, 30, 30, 30, 30, 30, 30, 30, 30, 30, 30, 30, 30, 30, 30, 30, 30, 30, 30, 30, 30, 30, 30, 30, 30, 30, 30, 30, 30, 30, 30, 30, 30, 30, 30, 30, 30, 30, 30, 30, 30, 30, 30, 30, 30, 30, 30, 30, 30, 30, 30, 30, 30, 30, 30, 30, 30, 30, 30, 30, 30, 30, 30, 30, 30, 30, 30, 30, 30, 30, 30, 30, 30, 30, 30, 30, 30, 30, 30, 30, 30, 30, 30, 30, 30, 30, 30, 30, 30, 30, 30, 30, 30, 30, 30, 30, 30, 30, 30, 30, 30, 30, 30, 30, 30, 30, 30, 30, 30, 30, 30, 30, 30, 30, 30, 30, 30, 30, 30, 30, 30, 30, 30, 30, 30, 30, 30, 30, 30, 30, 30, 30, 30, 30, 30, 30, 30, 30, 30, 30, 30, 30, 30, 30, 30, 30, 30, 30, 30, 30, 30, 30, 30, 30, 30, 30, 30, 30, 30, 30, 30, 30, 30, 30, 30, 30, 30, 30, 30, 30, 30, 30, 30, 30, 30, 30, 30, 30, 30, 30, 30, 30, 30, 30, 30, 30, 30, 30, 30, 30, 30, 30, 30, 30, 30, 30, 30, 30, 30, 30, 30, 30, 30, 30, 30, 30, 30
         RAW_NAME: GG3IVWD03HD8KU
        RD_FILTER: SRA_READ_FILTER_PASS
             READ: GTGCAAGAGGCTGAGGCTAACAAAGTGCATCAACCTATGTGGAAGCATCGAAGGCCCGCGTGGCTCAGTATGAGCAAGAGCTGAACAAGTTGAGGAACATGATCCCCTTTGTATCAGATGACCATTGAAGACCTCAACGAAGTCTTCCCCGACGACCAAGTTGGACAAGGTCAAATAATCCCTACCTGGCCCCACCAAGCCCACTTGCTGATATGTAACCCCGTTACCAGACTCTCACCTCACAATAAAT
      READ_FILTER: SRA_READ_FILTER_PASS
         READ_LEN: 250
         READ_SEG: [0, 250]
       READ_START: 0
        READ_TYPE: SRA_READ_TYPE_BIOLOGICAL
       SIGNAL_LEN: 0
       SPOT_COUNT: 13
      SPOT_FILTER: 0
       SPOT_GROUP: 
          SPOT_ID: 10
         SPOT_LEN: 250
         TRIM_LEN: 250
       TRIM_START: 0

       BASE_COUNT: 1992
   BIO_BASE_COUNT: 1992
   CMP_BASE_COUNT: 1992
CMP_LINKAGE_GROUP: 
     COLOR_MATRIX: 0, 1, 2, 3, 4, 1, 0, 3, 2, 4, 2, 3, 0, 1, 4, 3, 2, 1, 0, 4, 4, 4, 4, 4, 4
           CSREAD: 33311333221321211222302103222110103211322212002132122301203222112123122333113
           CS_KEY: T
        CS_NATIVE: false
   FIXED_SPOT_LEN: 0
    LINKAGE_GROUP: 
      MAX_SPOT_ID: 13
      MIN_SPOT_ID: 1
             NAME: GG3IVWD03GXKBC
         PLATFORM: SRA_PLATFORM_UNDEFINED
          QUALITY: 30, 30, 30, 30, 30, 30, 30, 30, 30, 30, 30, 30, 30, 30, 30, 30, 30, 30, 30, 30, 30, 30, 30, 30, 30, 30, 30, 30, 30, 30, 30, 30, 30, 30, 30, 30, 30, 30, 30, 30, 30, 30, 30, 30, 30, 30, 30, 30, 30, 30, 30, 30, 30, 30, 30, 30, 30, 30, 30, 30, 30, 30, 30, 30, 30, 30, 30, 30, 30, 30, 30, 30, 30, 30, 30, 30, 30
         RAW_NAME: GG3IVWD03GXKBC
        RD_FILTER: SRA_READ_FILTER_PASS
             READ: ATACATATCTGCTGACAGAGCCTGGCTCTGTTGGCTGTAGAGTCCCTGCTGAGCCAGGCTCTGTCAGCAGATATGTA
      READ_FILTER: SRA_READ_FILTER_PASS
         READ_LEN: 77
         READ_SEG: [0, 77]
       READ_START: 0
        READ_TYPE: SRA_READ_TYPE_BIOLOGICAL
       SIGNAL_LEN: 0
       SPOT_COUNT: 13
      SPOT_FILTER: 0
       SPOT_GROUP: 
          SPOT_ID: 11
         SPOT_LEN: 77
         TRIM_LEN: 77
       TRIM_START: 0

       BASE_COUNT: 1992
   BIO_BASE_COUNT: 1992
   CMP_BASE_COUNT: 1992
CMP_LINKAGE_GROUP: 
     COLOR_MATRIX: 0, 1, 2, 3, 4, 1, 0, 3, 2, 4, 2, 3, 0, 1, 4, 3, 2, 1, 0, 4, 4, 4, 4, 4, 4
           CSREAD: 303
           CS_KEY: T
        CS_NATIVE: false
   FIXED_SPOT_LEN: 0
    LINKAGE_GROUP: 
      MAX_SPOT_ID: 13
      MIN_SPOT_ID: 1
             NAME: GG3IVWD03HIDOA
         PLATFORM: SRA_PLATFORM_UNDEFINED
          QUALITY: 3, 3, 3
         RAW_NAME: GG3IVWD03HIDOA
        RD_FILTER: SRA_READ_FILTER_PASS
             READ: AAT
      READ_FILTER: SRA_READ_FILTER_PASS
         READ_LEN: 3
         READ_SEG: [0, 3]
       READ_START: 0
        READ_TYPE: SRA_READ_TYPE_BIOLOGICAL
       SIGNAL_LEN: 0
       SPOT_COUNT: 13
      SPOT_FILTER: 1
       SPOT_GROUP: 
          SPOT_ID: 12
         SPOT_LEN: 3
         TRIM_LEN: 3
       TRIM_START: 0

       BASE_COUNT: 1992
   BIO_BASE_COUNT: 1992
   CMP_BASE_COUNT: 1992
CMP_LINKAGE_GROUP: 
     COLOR_MATRIX: 0, 1, 2, 3, 4, 1, 0, 3, 2, 4, 2, 3, 0, 1, 4, 3, 2, 1, 0, 4, 4, 4, 4, 4, 4
           CSREAD: 020211001202210203122201033110123121112132313130203112333120312022111011200121221103112021111111201133110022130210220230010312320130210113221001212321320221111102202100010312200222312330200030233002201312320012211123133221111221031312122131320310320002113131112033112211322122113000202200102031111120000233
           CS_KEY: T
        CS_NATIVE: false
   FIXED_SPOT_LEN: 0
    LINKAGE_GROUP: 
      MAX_SPOT_ID: 13
      MIN_SPOT_ID: 1
             NAME: GG3IVWD03HB687
         PLATFORM: SRA_PLATFORM_UNDEFINED
          QUALITY: 30, 30, 30, 30, 30, 30, 30, 30, 30, 30, 30, 30, 30, 30, 30, 30, 30, 30, 30, 30, 30, 30, 30, 30, 30, 30, 30, 30, 30, 30, 30, 30, 30, 30, 30, 30, 30, 30, 30, 30, 30, 30, 30, 30, 30, 30, 30, 30, 30, 30, 30, 30, 30, 30, 30, 30, 30, 30, 30, 30, 30, 30, 30, 30, 30, 30, 30, 30, 30, 30, 30, 30, 30, 30, 30, 30, 30, 30, 30, 30, 30, 30, 30, 30, 30, 30, 30, 30, 30, 30, 30, 30, 30, 30, 30, 30, 30, 30, 30, 30, 30, 30, 30, 30, 30, 30, 30, 30, 30, 30, 30, 30, 30, 30, 30, 30, 30, 30, 30, 30, 30, 30, 30, 30, 30, 30, 30, 30, 30, 30, 30, 30, 30, 30, 30, 30, 30, 30, 30, 30, 30, 30, 30, 30, 30, 30, 30, 30, 30, 30, 30, 30, 30, 30, 30, 30, 30, 30, 30, 30, 30, 30, 30, 30, 30, 30, 30, 30, 30, 30, 30, 30, 30, 30, 30, 30, 30, 30, 30, 30, 30, 30, 30, 30, 30, 30, 30, 30, 30, 30, 30, 30, 30, 30, 30, 30, 30, 30, 30, 30, 30, 30, 30, 30, 30, 30, 30, 30, 30, 30, 30, 30, 30, 30, 30, 30, 30, 30, 30, 30, 30, 30, 30, 30, 30, 30, 30, 30, 30, 30, 30, 30, 30, 30, 30, 30, 30, 30, 30, 30, 30, 30, 30, 30, 30, 30, 30, 30, 30, 30, 30, 30, 30, 30, 30, 30, 30, 30, 30, 30, 30, 30, 30, 30, 30, 30, 30, 30, 30, 30, 30, 30, 30, 30, 30, 30, 30, 30, 30, 30, 30, 30, 30, 30, 30, 30, 30, 30, 30, 30, 30, 30, 30, 30, 30, 30, 30, 30, 30, 30, 30, 30, 30, 30, 30, 30
         RAW_NAME: GG3IVWD03HB687
        RD_FILTER: SRA_READ_FILTER_PASS
             READ: TCCTGTTTGAAGACCTTACTCTTGGCGTGGTCGTCACAGTAGCATGCCTTACAGCGCAGGCAGGAGTGTTGTCCCAGTCTGTTACAGGACACACACTTGTATGTTTCTGCCTGGAGGATTTGGCAGCTTGCCTGGTGCTCAAACTGATCATCCTCACACAAGAAGTTTTGGCAGAAAGAGCAGCGGAAAATTCGCCCTCCATGATCCCAGACACTACGCTCACACTCAATGCAGTCTGCATCCGTTAGGGGACATGCACAGGCGTGAGTGCTCAGACATTTTCCTCCCAAGGCACACAGGGGGATA
      READ_FILTER: SRA_READ_FILTER_PASS
         READ_LEN: 306
         READ_SEG: [0, 306]
       READ_START: 0
        READ_TYPE: SRA_READ_TYPE_BIOLOGICAL
       SIGNAL_LEN: 0
       SPOT_COUNT: 13
      SPOT_FILTER: 0
       SPOT_GROUP: 
          SPOT_ID: 13
         SPOT_LEN: 306
         TRIM_LEN: 306
       TRIM_START: 0

