       BASE_COUNT: 1025
   BIO_BASE_COUNT: 1025
   CMP_BASE_COUNT: 1025
CMP_LINKAGE_GROUP: 
     COLOR_MATRIX: 0, 1, 2, 3, 4, 1, 0, 3, 2, 4, 2, 3, 0, 1, 4, 3, 2, 1, 0, 4, 4, 4, 4, 4, 4
           CSREAD: 322210012320210322122211201332103303311320301111313102123201302312003302320132033002310321103331130011221303113332323010213002003211000021101122310200131221323033100013312202133133213302233311010020022300330132300202310003200331013321232321010110001301303023101020310312133023102101022122220231232120311112102001212221113010201221220231300220312312110002033301311103100002001002123131231013303331102202312133130023011111300122020003330200202233031213013102033120330231103032301220311121231230333010322221113
           CS_KEY: T
        CS_NATIVE: false
   FIXED_SPOT_LEN: 0
    LINKAGE_GROUP: 
      MAX_SPOT_ID: 2
      MIN_SPOT_ID: 1
             NAME: m121205_055009_42163_c100416332550000001523041801151327_s1_p0/19/ccs
         PLATFORM: SRA_PLATFORM_PACBIO_SMRT
          QUALITY: 30, 30, 30, 30, 30, 30, 30, 30, 30, 30, 30, 30, 30, 30, 30, 30, 30, 30, 30, 30, 30, 30, 30, 30, 30, 30, 30, 30, 30, 30, 30, 30, 30, 30, 30, 30, 30, 30, 30, 30, 30, 30, 30, 30, 30, 30, 30, 30, 30, 30, 30, 30, 30, 30, 30, 30, 30, 30, 30, 30, 30, 30, 30, 30, 30, 30, 30, 30, 30, 30, 30, 30, 30, 30, 30, 30, 30, 30, 30, 30, 30, 30, 30, 30, 30, 30, 30, 30, 30, 30, 30, 30, 30, 30, 30, 30, 30, 30, 30, 30, 30, 30, 30, 30, 30, 30, 30, 30, 30, 30, 30, 30, 30, 30, 30, 30, 30, 30, 30, 30, 30, 30, 30, 30, 30, 30, 30, 30, 30, 30, 30, 30, 30, 30, 30, 30, 30, 30, 30, 30, 30, 30, 30, 30, 30, 30, 30, 30, 30, 30, 30, 30, 30, 30, 30, 30, 30, 30, 30, 30, 30, 30, 30, 30, 30, 30, 30, 30, 30, 30, 30, 30, 30, 30, 30, 30, 30, 30, 30, 30, 30, 30, 30, 30, 30, 30, 30, 30, 30, 30, 30, 30, 30, 30, 30, 30, 30, 30, 30, 30, 30, 30, 30, 30, 30, 30, 30, 30, 30, 30, 30, 30, 30, 30, 30, 30, 30, 30, 30, 30, 30, 30, 30, 30, 30, 30, 30, 30, 30, 30, 30, 30, 30, 30, 30, 30, 30, 30, 30, 30, 30, 30, 30, 30, 30, 30, 30, 30, 30, 30, 30, 30, 30, 30, 30, 30, 30, 30, 30, 30, 30, 30, 30, 30, 30, 30, 30, 30, 30, 30, 30, 30, 30, 30, 30, 30, 30, 30, 30, 30, 30, 30, 30, 30, 30, 30, 30, 30, 30, 30, 30, 30, 30, 30, 30, 30, 30, 30, 30, 30, 30, 30, 30, 30, 30, 30, 30, 30, 30, 30, 30, 30, 30, 30, 30, 30, 30, 30, 30, 30, 30, 30, 30, 30, 30, 30, 30, 30, 30, 30, 30, 30, 30, 30, 30, 30, 30, 30, 30, 30, 30, 30, 30, 30, 30, 30, 30, 30, 30, 30, 30, 30, 30, 30, 30, 30, 30, 30, 30, 30, 30, 30, 30, 30, 30, 30, 30, 30, 30, 30, 30, 30, 30, 30, 30, 30, 30, 30, 30, 30, 30, 30, 30, 30, 30, 30, 30, 30, 30, 30, 30, 30, 30, 30, 30, 30, 30, 30, 30, 30, 30, 30, 30, 30, 30, 30, 30, 30, 30, 30, 30, 30, 30, 30, 30, 30, 30, 30, 30, 30, 30, 30, 30, 30, 30, 30, 30, 30, 30, 30, 30, 30, 30, 30, 30, 30, 30, 30, 30, 30, 30, 30, 30, 30, 30, 30, 30, 30, 30, 30, 30, 30, 30, 30, 30, 30, 30, 30, 30, 30, 30, 30, 30, 30, 30, 30, 30, 30, 30, 30, 30, 30, 30, 30, 30, 30, 30, 30, 30, 30, 30, 30, 30, 30, 30, 30, 30, 30, 30, 30, 30, 30, 30, 30, 30, 30, 30, 30, 30, 30, 30, 30, 30, 30, 30, 30, 30
         RAW_NAME: m121205_055009_42163_c100416332550000001523041801151327_s1_p0/19/ccs
        RD_FILTER: SRA_READ_FILTER_PASS
             READ: AGAGTTTGATCCTGGCTCAGAGTGAACGCTGGCGGCGTGCTTAACACATGCAAGTCGAACGGATGAAATAAGCTTGCTTATTTCGTTAGTGGCGCACGGGTGAGTAATGTATAGCTAACCTGCCCTTTAGTGGGGGACAACAGATGGAAACGTCTGCTAATACCCCATACTCCTGCGTATCATAAGATATGTTGGGAAAGATTTATTGCTAAAGGATGGGGCTTTATGGTATCAGCTAGTTGGTGGGGTAACGGCCTACCAAGGCAATGACGCCTACCTGGTTCTGAGAGGATGATCAGGCACACTGGAAACTGAGACACGGTTCCAGACTCCTACGGGAGGCAGCAGTGGGGAATATTGCACAATGGGGGAAACCCTGATGCAGCAACGCCGCGTGGAGGATGACGCATTTCGGTGTGTAAACTCCTTTTATAAGGGAAGATAATGACGGTACCTTATGAATAAGCACCGGCTAACTCCGTGTCAGCAGCCGCGGTTAGAGACACG
      READ_FILTER: SRA_READ_FILTER_PASS
         READ_LEN: 507
         READ_SEG: [0, 507]
       READ_START: 0
        READ_TYPE: SRA_READ_TYPE_BIOLOGICAL
       SIGNAL_LEN: 0
       SPOT_COUNT: 2
      SPOT_FILTER: 0
       SPOT_GROUP: 
          SPOT_ID: 1
         SPOT_LEN: 507
         TRIM_LEN: 507
       TRIM_START: 0

       BASE_COUNT: 1025
   BIO_BASE_COUNT: 1025
   CMP_BASE_COUNT: 1025
CMP_LINKAGE_GROUP: 
     COLOR_MATRIX: 0, 1, 2, 3, 4, 1, 0, 3, 2, 4, 2, 3, 0, 1, 4, 3, 2, 1, 0, 4, 4, 4, 4, 4, 4
           CSREAD: 32221001232021032212021320133210330133132030111131310212320132221322231020312100202300020312003220322002110332013001122130133311001301021302331020020203323022300200121002213031302033303311211202123313103200132110300133220301130133202310210033312001303232321010112223301123001101020332132310013010301221222200332013012111121020121222111301201221220231302203123121100020333013331031003101002121331231033103331122112022201000230232313002322211033010002022000002213013100102202200212003032301231311121231230333010322221113
           CS_KEY: T
        CS_NATIVE: false
   FIXED_SPOT_LEN: 0
    LINKAGE_GROUP: 
      MAX_SPOT_ID: 2
      MIN_SPOT_ID: 1
             NAME: m121205_055009_42163_c100416332550000001523041801151327_s1_p0/25/ccs
         PLATFORM: SRA_PLATFORM_PACBIO_SMRT
          QUALITY: 30, 30, 30, 30, 30, 30, 30, 30, 30, 30, 30, 30, 30, 30, 30, 30, 30, 30, 30, 30, 30, 30, 30, 30, 30, 30, 30, 30, 30, 30, 30, 30, 30, 30, 30, 30, 30, 30, 30, 30, 30, 30, 30, 30, 30, 30, 30, 30, 30, 30, 30, 30, 30, 30, 30, 30, 30, 30, 30, 30, 30, 30, 30, 30, 30, 30, 30, 30, 30, 30, 30, 30, 30, 30, 30, 30, 30, 30, 30, 30, 30, 30, 30, 30, 30, 30, 30, 30, 30, 30, 30, 30, 30, 30, 30, 30, 30, 30, 30, 30, 30, 30, 30, 30, 30, 30, 30, 30, 30, 30, 30, 30, 30, 30, 30, 30, 30, 30, 30, 30, 30, 30, 30, 30, 30, 30, 30, 30, 30, 30, 30, 30, 30, 30, 30, 30, 30, 30, 30, 30, 30, 30, 30, 30, 30, 30, 30, 30, 30, 30, 30, 30, 30, 30, 30, 30, 30, 30, 30, 30, 30, 30, 30, 30, 30, 30, 30, 30, 30, 30, 30, 30, 30, 30, 30, 30, 30, 30, 30, 30, 30, 30, 30, 30, 30, 30, 30, 30, 30, 30, 30, 30, 30, 30, 30, 30, 30, 30, 30, 30, 30, 30, 30, 30, 30, 30, 30, 30, 30, 30, 30, 30, 30, 30, 30, 30, 30, 30, 30, 30, 30, 30, 30, 30, 30, 30, 30, 30, 30, 30, 30, 30, 30, 30, 30, 30, 30, 30, 30, 30, 30, 30, 30, 30, 30, 30, 30, 30, 30, 30, 30, 30, 30, 30, 30, 30, 30, 30, 30, 30, 30, 30, 30, 30, 30, 30, 30, 30, 30, 30, 30, 30, 30, 30, 30, 30, 30, 30, 30, 30, 30, 30, 30, 30, 30, 30, 30, 30, 30, 30, 30, 30, 30, 30, 30, 30, 30, 30, 30, 30, 30, 30, 30, 30, 30, 30, 30, 30, 30, 30, 30, 30, 30, 30, 30, 30, 30, 30, 30, 30, 30, 30, 30, 30, 30, 30, 30, 30, 30, 30, 30, 30, 30, 30, 30, 30, 30, 30, 30, 30, 30, 30, 30, 30, 30, 30, 30, 30, 30, 30, 30, 30, 30, 30, 30, 30, 30, 30, 30, 30, 30, 30, 30, 30, 30, 30, 30, 30, 30, 30, 30, 30, 30, 30, 30, 30, 30, 30, 30, 30, 30, 30, 30, 30, 30, 30, 30, 30, 30, 30, 30, 30, 30, 30, 30, 30, 30, 30, 30, 30, 30, 30, 30, 30, 30, 30, 30, 30, 30, 30, 30, 30, 30, 30, 30, 30, 30, 30, 30, 30, 30, 30, 30, 30, 30, 30, 30, 30, 30, 30, 30, 30, 30, 30, 30, 30, 30, 30, 30, 30, 30, 30, 30, 30, 30, 30, 30, 30, 30, 30, 30, 30, 30, 30, 30, 30, 30, 30, 30, 30, 30, 30, 30, 30, 30, 30, 30, 30, 30, 30, 30, 30, 30, 30, 30, 30, 30, 30, 30, 30, 30, 30, 30, 30, 30, 30, 30, 30, 30, 30, 30, 30, 30, 30, 30, 30, 30, 30, 30, 30, 30, 30, 30, 30, 30, 30, 30, 30, 30, 30, 30, 30, 30, 30, 30, 30, 30, 30
         RAW_NAME: m121205_055009_42163_c100416332550000001523041801151327_s1_p0/25/ccs
        RD_FILTER: SRA_READ_FILTER_PASS
             READ: AGAGTTTGATCCTGGCTCAGGACGAACGCTGGCGGTATGCTTAACACATGCAAGTCGAACGAGACGAGATGGAATGACCCTTCGGGGAATGAAATCTTAGAAAGTGGCGAACGGGTGAGTAACGCGTGGGTAACCTGCCTATGGAAAGGAATAGCCTCGGGAAACTGGGAGTAATGCCTTATAATACAGTGAAGTCGCATGGCTTTGCTGTTAAACGCTCCGGTGCCATAGGATGGACCCGCGTCCCATTAGCTAGTTGGTGAGATAACAGCCCACCAAGGCGACGATGGGTAACCGGTCTGAGAGGGCGAACGGTCACACTGGAACTGAGACACGGTCCAGACTCCTACGGAGGCAGCAGTGGGGAATATTGCGCAATGGGCAACCCTGACGCAGCAATACCGCGTGAGTGAAGAGGTTTTCGGATCGTAAAGCTCTGTTATTGGGGAAGAAAAAAGACGGTACCCAAGAAGAAAGTCCCGGCTAACTACGTGTCAGCAGCCGCGGTTAGAGACACG
      READ_FILTER: SRA_READ_FILTER_PASS
         READ_LEN: 518
         READ_SEG: [0, 518]
       READ_START: 0
        READ_TYPE: SRA_READ_TYPE_BIOLOGICAL
       SIGNAL_LEN: 0
       SPOT_COUNT: 2
      SPOT_FILTER: 0
       SPOT_GROUP: 
          SPOT_ID: 2
         SPOT_LEN: 518
         TRIM_LEN: 518
       TRIM_START: 0

