       BASE_COUNT: 404
   BIO_BASE_COUNT: 404
   CMP_BASE_COUNT: 404
CMP_LINKAGE_GROUP: 
     COLOR_MATRIX: 0, 1, 2, 3, 4, 1, 0, 3, 2, 4, 2, 3, 0, 1, 4, 3, 2, 1, 0, 4, 4, 4, 4, 4, 4
           CSREAD: 2230120003312333000101101303001013310103223001100120023010030322210223120322311200013213102011200203322132132213111122002212110220112212323122012213221002021302221333210033032200312330210133320301210321
           CS_KEY: TT
        CS_NATIVE: false
   FIXED_SPOT_LEN: 202
    LINKAGE_GROUP: 
      MAX_SPOT_ID: 2
      MIN_SPOT_ID: 1
             NAME: DG7PMJN1:293:D12THACXX:2:1101:1161:1968
         PLATFORM: SRA_PLATFORM_UNDEFINED
          QUALITY: 30, 30, 30, 30, 30, 30, 30, 30, 30, 30, 30, 30, 30, 30, 30, 30, 30, 30, 30, 30, 30, 30, 30, 30, 30, 30, 30, 30, 30, 30, 30, 30, 30, 30, 30, 30, 30, 30, 30, 30, 30, 30, 30, 30, 30, 30, 30, 30, 30, 30, 30, 30, 30, 30, 30, 30, 30, 30, 30, 30, 30, 30, 30, 30, 30, 30, 30, 30, 30, 30, 30, 30, 30, 30, 30, 30, 30, 30, 30, 30, 30, 30, 30, 30, 30, 30, 30, 30, 30, 30, 30, 30, 30, 30, 30, 30, 30, 30, 30, 30, 30, 30, 30, 30, 30, 30, 30, 30, 30, 30, 30, 30, 30, 30, 30, 30, 30, 30, 30, 30, 30, 30, 30, 30, 30, 30, 30, 30, 30, 30, 30, 30, 30, 30, 30, 30, 30, 30, 30, 30, 30, 30, 30, 30, 30, 30, 30, 30, 30, 30, 30, 30, 30, 30, 30, 30, 30, 30, 30, 30, 30, 30, 30, 30, 30, 30, 30, 30, 30, 30, 30, 30, 30, 30, 30, 30, 30, 30, 30, 30, 30, 30, 30, 30, 30, 30, 30, 30, 30, 30, 30, 30, 30, 30, 30, 30, 30, 30, 30, 30, 30, 30
         RAW_NAME: DG7PMJN1:293:D12THACXX:2:1101:1161:1968
        RD_FILTER: SRA_READ_FILTER_PASS, SRA_READ_FILTER_PASS
             READ: CTAACTTTTATGATATTTTGGTGGTAATTTGGTATGGTTAGATTTGTTTGAAAGCCAAATTAGAGTTCTACTTAGATGTCCCCATCATGGAACAGGGAATACTGCTGCTCATGTGTCTTTCTGACAAGAACAGACTAGCAGAACTCATCTGGGAAGTAAGAGTATAGTTTATTAGAAATGATAAGTTGCGCTTAACTGGCTG
      READ_FILTER: SRA_READ_FILTER_PASS, SRA_READ_FILTER_PASS
         READ_LEN: 101, 101
         READ_SEG: [0, 101], [101, 101]
       READ_START: 0, 101
        READ_TYPE: SRA_READ_TYPE_BIOLOGICAL, SRA_READ_TYPE_BIOLOGICAL
       SIGNAL_LEN: 0
       SPOT_COUNT: 2
      SPOT_FILTER: 0
       SPOT_GROUP: GATCAG
          SPOT_ID: 1
         SPOT_LEN: 202
         TRIM_LEN: 202
       TRIM_START: 0

       BASE_COUNT: 404
   BIO_BASE_COUNT: 404
   CMP_BASE_COUNT: 404
CMP_LINKAGE_GROUP: 
     COLOR_MATRIX: 0, 1, 2, 3, 4, 1, 0, 3, 2, 4, 2, 3, 0, 1, 4, 3, 2, 1, 0, 4, 4, 4, 4, 4, 4
           CSREAD: 1131131133323131133030331132231121330123331222003300110002133123111202120023213022003330321020211202111300303030011213303300332202121220032020312021032011103132222220220023012002233111002332013120311030
           CS_KEY: TT
        CS_NATIVE: false
   FIXED_SPOT_LEN: 202
    LINKAGE_GROUP: 
      MAX_SPOT_ID: 2
      MIN_SPOT_ID: 1
             NAME: DG7PMJN1:293:D12THACXX:2:1101:1275:1946
         PLATFORM: SRA_PLATFORM_UNDEFINED
          QUALITY: 30, 30, 30, 30, 30, 30, 30, 30, 30, 30, 30, 30, 30, 30, 30, 30, 30, 30, 30, 30, 30, 30, 30, 30, 30, 30, 30, 30, 30, 30, 30, 30, 30, 30, 30, 30, 30, 30, 30, 30, 30, 30, 30, 30, 30, 30, 30, 30, 30, 30, 30, 30, 30, 30, 30, 30, 30, 30, 30, 30, 30, 30, 30, 30, 30, 30, 30, 30, 30, 30, 30, 30, 30, 30, 30, 30, 30, 30, 30, 30, 30, 30, 30, 30, 30, 30, 30, 30, 30, 30, 30, 30, 30, 30, 30, 30, 30, 30, 30, 30, 30, 30, 30, 30, 30, 30, 30, 30, 30, 30, 30, 30, 30, 30, 30, 30, 30, 30, 30, 30, 30, 30, 30, 30, 30, 30, 30, 30, 30, 30, 30, 30, 30, 30, 30, 30, 30, 30, 30, 30, 30, 30, 30, 30, 30, 30, 30, 30, 30, 30, 30, 30, 30, 30, 30, 30, 30, 30, 30, 30, 30, 30, 30, 30, 30, 30, 30, 30, 30, 30, 30, 30, 30, 30, 30, 30, 30, 30, 30, 30, 30, 30, 30, 30, 30, 30, 30, 30, 30, 30, 30, 30, 30, 30, 30, 30, 30, 30, 30, 30, 30, 30
         RAW_NAME: DG7PMJN1:293:D12THACXX:2:1101:1275:1946
        RD_FILTER: SRA_READ_FILTER_PASS, SRA_READ_FILTER_PASS
             READ: GTACATGTATAGCATGTATTAATACATCTACAGTATTGATATGAGAAATAAACAAAAGTATGATGTGAAGTCCCTAGTAAGAAATATTAGTTCCTGTCCTGGTAAATTAATTTGTCATAATAAATAGAAGTCAGAAATCCTTACTTCAATCCACAATGCTCTCTCCTCCCTAACTTTCTATGTGGGATAGGTACTTACAATT
      READ_FILTER: SRA_READ_FILTER_PASS, SRA_READ_FILTER_PASS
         READ_LEN: 101, 101
         READ_SEG: [0, 101], [101, 101]
       READ_START: 0, 101
        READ_TYPE: SRA_READ_TYPE_BIOLOGICAL, SRA_READ_TYPE_BIOLOGICAL
       SIGNAL_LEN: 0
       SPOT_COUNT: 2
      SPOT_FILTER: 0
       SPOT_GROUP: GATCAG
          SPOT_ID: 2
         SPOT_LEN: 202
         TRIM_LEN: 202
       TRIM_START: 0

